<testsuites id="" name="" tests="1" failures="1" skipped="0" errors="0" time="10.672421999999992">
<testsuite name="TC_01_adobe_analytics.test.js" timestamp="2024-11-23T19:01:17.782Z" hostname="Chrome" tests="1" failures="1" skipped="0" time="8.414" errors="0">
<testcase name="Adobe Analytics Tracking Test › Capture Adobe Analytics &apos;b/ss&apos; event on clicking the Mobile &gt; Overview Tab." classname="TC_01_adobe_analytics.test.js" time="8.414">
<failure message="TC_01_adobe_analytics.test.js:27:6 Capture Adobe Analytics &apos;b/ss&apos; event on clicking the Mobile &gt; Overview Tab." type="FAILURE">
<![CDATA[  [Chrome] › TC_01_adobe_analytics.test.js:27:6 › Adobe Analytics Tracking Test › Capture Adobe Analytics 'b/ss' event on clicking the Mobile > Overview Tab. 

    Error: expect(received).toBe(expected) // Object.is equality

    Expected: undefined
    Received: "https://www.xfinity.com/national/"

      85 | 		//	await page.locator(mobileTab).hover()
      86 | 		//	await page.locator(mobileOverviewTab).click()
    > 87 | 		expect(page.url()).toBe(config.overviewPageUrlverviewPageUrl)
         | 		                   ^
      88 | 	})
      89 | })
      90 |

        at /Users/Jay/Workspace/Playwright/Playwright-Adobe-Analytics-Testing /tests/TC_01_adobe_analytics.test.js:87:22

    attachment #1: video (video/webm) ──────────────────────────────────────────────────────────────
    test-results/TC_01_adobe_analytics-Adobe-Analytics-Tracking-34a2b-b-ss-event-on-clicking-the-Mobile-Overview-Tab--Chrome/video.webm
    ────────────────────────────────────────────────────────────────────────────────────────────────

    attachment #2: screenshot (image/png) ──────────────────────────────────────────────────────────
    test-results/TC_01_adobe_analytics-Adobe-Analytics-Tracking-34a2b-b-ss-event-on-clicking-the-Mobile-Overview-Tab--Chrome/test-failed-1.png
    ────────────────────────────────────────────────────────────────────────────────────────────────

    attachment #3: trace (application/zip) ─────────────────────────────────────────────────────────
    test-results/TC_01_adobe_analytics-Adobe-Analytics-Tracking-34a2b-b-ss-event-on-clicking-the-Mobile-Overview-Tab--Chrome/trace.zip
    Usage:

        npx playwright show-trace test-results/TC_01_adobe_analytics-Adobe-Analytics-Tracking-34a2b-b-ss-event-on-clicking-the-Mobile-Overview-Tab--Chrome/trace.zip

    ────────────────────────────────────────────────────────────────────────────────────────────────
]]>
</failure>
<system-out>
<![CDATA[Formatted Json Request Body is: "AQB=1&ndh=1&pf=1&et=1&t=23%2F10%2F2024%2021%3A1%3A25%206%20-120&d.&nsid=0&jsonv=1&.d&sdid=6A6CA5ACC1731F65-7D237BBF87966FED&mid=15923275234466492724415099320294599958&aamlh=6&ce=UTF-8&pageName=resi%7Csales%7Cshop%7C%7Chome&g=https%3A%2F%2Fwww.xfinity.com%2Fnational%2F&c.&getTimeBetweenEvents=3.0&inList=3.0&formatTime=2.0&apl=4.0&.c&cc=USD&ch=shop&events=event125%3D4%2Cevent225%3D3948%2Cevent126&aamb=6G1ynYcLPuiQxYZrsz_pkqfLG9yMXBpb2zX5dvJdYQJzPXImdj0y&v1=new&l1=7F179332-2AEC-47D7-89F2-7DB07954A5A8%7C994B1F6B-0405-48AC-809B-6A912AAFFBAD%7CE513028D-9A9B-4AC8-B779-6DC200F8CAD0%7C6F538A85-EEC7-4BF9-9940-0AAB37CFD872%7C9F5270E0-9CEE-49CA-98C4-BFFD01D1997A%7CE3082942-110E-47E6-BC63-9789A09AC262%7C29F865A4-BF0E-4AD6-A61E-CB2F55F97F9B%7C40F1C2E7-FFB0-4440-AFF9-1CA1D428A259%7C75EA437A-DDE9-46E0-9ECA-352DEDD48BDC%7C1113DC41-47A7-49DB-8D31-638D1CC5D147%7CF2A0BE34-2CB6-42A6-9B44-32A489BA5109%7C000CA8EF-C56D-40F1-8DBE-6BAC05DF6236%7C56869791-3222-4CC7-95C1-B28D3DCEAB16%7C64DB3D00-17CB-46C8-B274-EF9B30E66F46%7C4ED0F331-79C7-4E47-80EF-4864C471ADE9%7C74F6D32F-1309-4319-B7C3-02C302EEEA0E%7C66622B99-080D-4B77-923E-F60887FE2864%7CD70A1B09-D0DF-4354-9C8E-5E59197C072D%7CB9AFA70E-9582-4F27-8DB0-1C001ED69DD2%7C6229D877-557C-433D-B867-115FFBEB2BED%7CC4BC47C1-D6CD-47F0-83C0-A760787D8BBF%7C0C8B554D-F0B6-4806-BA50-C6AF1C8F1280%7C20924D87-8ADF-46B4-9D4D-93B049FB38E2%7C773863EF-1554-4590-81AC-478ACEF3A6C9%7CF9CB21FC-D985-4EC1-B4D5-66C4CECC75BC%7C0856BBEE-2140-4877-A3C2-8256E6D1F1F7%7C30E90E30-DEAB-4BAC-9FD1-272227DE1FCB%7C059F397F-A987-4B3E-B706-3EFC48E50998%7CEB2204C8-8295-44F8-A5E3-F8DD1C1851BA%7C31111EB2-657E-4728-88C1-B30F4CE447E5%7C354E73E6-64E0-4E91-BB98-3CC8A495CEC5%7C6C6E07EB-2AF6-463E-9A5A-7811CB589B75%7C477A24B1-BC55-4F01-9167-F85FB7AA6B13%7CF64A4F90-84A6-4A53-8C45-B0AE1055E5BB%7C0F229B00-5E03-4979-804D-FFFE30924603%7C0C5B8E48-1241-42B4-9F4F-83188AD248ED%7C613A0C51-48C9-42F2-A0CA-AD6B46C3554B%7C7E47FBD6-79A6-4E03-8B70-FC90274C080B%7C31FE471E-5B3B-4637-90FA-8D9F92576EF3%7CB4FAE9C3-C59E-4539-936A-496914F0137C%7C0935D416-EF93-4211-B9BD-5D3BD7AEE744%7CC58B427B-8E88-40F6-918E-616F2BF63A2F%7C8F5CADC4-49E6-4713-8EB1-708336718CD2%7CF5FF5EEA-0AA0-4848-96B1-31B1E73D336D%7C1500FA36-1F69-4474-A91B-D8167E594DD0%7CD51F3AB0-8509-4C3A-9140-FE9FFC9367E9%7C55252CFD-141D-40A5-B1CB-E6F1A8156825&l3=shop%3EXjsIconStackBlock%7C7F179332-2AEC-47D7-89F2-7DB07954A5A8%7Ca2472644-b238-42c5-a01b-f6e14f2ec9bb%2Cshop%3EXjs1UpImageIconGrid%7C994B1F6B-0405-48AC-809B-6A912AAFFBAD%7C319d3b51-f170-4e0e-81fa-fb0e00c5d783%2Cshop%3EXjsImageIconGrid%7CE513028D-9A9B-4AC8-B779-6DC200F8CAD0%7Cc7e0d76d-5179-408a-9d68-8f059c01314f%2Cshop%3EXjsImageIconGrid%7C6F538A85-EEC7-4BF9-9940-0AAB37CFD872%7Cda31f210-d08b-403c-949d-32608fcc5d18%2Cshop%3EXjsImageIconGrid%7C9F5270E0-9CEE-49CA-98C4-BFFD01D1997A%7C01b264f4-1747-41ba-81c6-87472697fbe6%2Cshop%3EXjsImageIconGrid%7CE3082942-110E-47E6-BC63-9789A09AC262%7Cffe61cd7-b03b-467d-854a-f31ea92a9890%2Cshop%3EXjsImageIconGrid%7C29F865A4-BF0E-4AD6-A61E-CB2F55F97F9B%7C729fdac2-40c2-42bf-bef0-7fdc8402479b%2Cshop%3EJssCarousel%7C40F1C2E7-FFB0-4440-AFF9-1CA1D428A259%7Ca74b4802-d493-4d69-8b54-06702e319b25%2Cshop%3EXjsIconStackBlock%7C75EA437A-DDE9-46E0-9ECA-352DEDD48BDC%7C12f69912-3d68-4f6d-9ccc-93317c5177f8%2Cshop%3EJssBentoCard%7C1113DC41-47A7-49DB-8D31-638D1CC5D147%7C8be2ac3e-41e4-403e-9720-a3f68db43e4a%2Cshop%3EXjsIconStackBlock%7CF2A0BE34-2CB6-42A6-9B44-32A489BA5109%7Cfdb3e07f-0eaa-4727-a8d1-db098bcd4d2c%2Cshop%3EJssBentoCard%7C000CA8EF-C56D-40F1-8DBE-6BAC05DF6236%7Ca71d56d4-975b-4bb8-9a0f-b929fa298a32%2Cshop%3EXjsIconStackBlock%7C56869791-3222-4CC7-95C1-B28D3DCEAB16%7C9dd9f51c-e1df-408c-86d3-c5e33a595554%2Cshop%3EJssBentoCard%7C64DB3D00-17CB-46C8-B274-EF9B30E66F46%7C7b7b5451-34ad-4e0e-bccb-87a329c78394%2Cshop%3EXjsIconStackBlock%7C4ED0F331-79C7-4E47-80EF-4864C471ADE9%7Ce7294244-4eb7-4d37-b280-37417b593526%2Cshop%3EJssBentoCard%7C74F6D32F-1309-4319-B7C3-02C302EEEA0E%7Cc55d691d-3db9-474a-b21b-1c0f2d4c666c%2Cshop%3EJssBentoBox%7C66622B99-080D-4B77-923E-F60887FE2864%7C4df54300-c82b-49d4-9463-5439f981e896%2Cshop%3EXjsIconStackBlock%7CD70A1B09-D0DF-4354-9C8E-5E59197C072D%7Ca703d8c1-32ff-46dd-b16c-66e6b7a36dae%2Cshop%3EXjsFullImage%7CB9AFA70E-9582-4F27-8DB0-1C001ED69DD2%7Ce8ed039e-ce0b-44dc-aa6f-c766d42fb164%2Cshop%3EXjsIconStackBlock%7C6229D877-557C-433D-B867-115FFBEB2BED%7C34201219-e974-44a8-a393-f42f814ce488%2Cshop%3EXjsFullImage%7CC4BC47C1-D6CD-47F0-83C0-A760787D8BBF%7C7e25a436-66e0-4c1f-afaa-adbea45691a7%2Cshop%3EXjsImageIconGrid%7C0C8B554D-F0B6-4806-BA50-C6AF1C8F1280%7C40ffe701-27a8-4f66-8909-a66d16ae9545%2Cshop%3EXjs1UpImageIconGrid%7C20924D87-8ADF-46B4-9D4D-93B049FB38E2%7Cf5d5a42d-086d-4c18-be76-fa22f80b7d43%2Cshop%3EXjsIconStackBlock%7C773863EF-1554-4590-81AC-478ACEF3A6C9%7C3fb658d4-a4cd-4440-8a83-1c7cf7c075fd%2Cshop%3EXjs1UpImageIconGrid%7CF9CB21FC-D985-4EC1-B4D5-66C4CECC75BC%7C9292ad3f-f609-459a-9366-9e7225703204%2Cshop%3EXjsImageIconGrid%7C0856BBEE-2140-4877-A3C2-8256E6D1F1F7%7Cd19921d6-9427-4cee-b3bc-f8d66282a40f%2Cshop%3EXjsImageIconGrid%7C30E90E30-DEAB-4BAC-9FD1-272227DE1FCB%7Cb0128f7c-d7e9-4ae4-aa79-1caf6dca9f52%2Cshop%3EQWPricingLockup%7C059F397F-A987-4B3E-B706-3EFC48E50998%7C2fc644ef-07b6-47c8-ad27-3d9b70e3230a%2Cshop%3EXjsImageIconGrid%7CEB2204C8-8295-44F8-A5E3-F8DD1C1851BA%7C216ad3ec-6554-4a21-a103-05c617d81906%2Cshop%3EQWPricingLockup%7C31111EB2-657E-4728-88C1-B30F4CE447E5%7Cedcda38d-ea9f-4c20-a313-991de5dd8058%2Cshop%3EXjsImageIconGrid%7C354E73E6-64E0-4E91-BB98-3CC8A495CEC5%7C659eeeda-c702-472d-89e5-6c2925c1cc0c%2Cshop%3EXjsImageIconGrid%7C6C6E07EB-2AF6-463E-9A5A-7811CB589B75%7C3877832a-d0f6-40f8-afa9-4b11d5370ef7%2Cshop%3EJssCarousel%7C477A24B1-BC55-4F01-9167-F85FB7AA6B13%7Cc1696c58-cb02-423d-8f62-9ec726edf813%2Cshop%3EXjsHoverTile%7CF64A4F90-84A6-4A53-8C45-B0AE1055E5BB%7Ce79574f2-c68e-475c-8372-fd698bda1154%2Cshop%3EXjsHoverTile%7C0F229B00-5E03-4979-804D-FFFE30924603%7C6d0dc771-47fe-4482-9df3-3902d330486f%2Cshop%3EXjsHoverTile%7C0C5B8E48-1241-42B4-9F4F-83188AD248ED%7C2a611f7b-46da-4c42-8310-04dce217c974%2Cshop%3EXjsHoverTile%7C613A0C51-48C9-42F2-A0CA-AD6B46C3554B%7C1ef72b9c-1aa0-4378-a49b-1c8be1dce439%2Cshop%3EXjsHoverTile%7C7E47FBD6-79A6-4E03-8B70-FC90274C080B%7Cdbd42e21-aa34-4bc5-a4c6-aca657898b7a%2Cshop%3ExjsDynamicContainer%7C31FE471E-5B3B-4637-90FA-8D9F92576EF3%7Ce1d2571d-bdf8-4d98-a6f1-37e514add41f%2Cshop%3EXjsIconStackBlock%7CB4FAE9C3-C59E-4539-936A-496914F0137C%7Cb06f6bd0-41d0-421f-bd67-c46781a3eaf8%2Cshop%3EXjsFullImage%7C0935D416-EF93-4211-B9BD-5D3BD7AEE744%7C0d35357a-bd7a-47ab-9af8-e9885ae1341a%2Cshop%3EXjsIconStackBlock%7CC58B427B-8E88-40F6-918E-616F2BF63A2F%7C4b540e8d-6796-49d5-9fc9-798990641a6d%2Cshop%3EXjsFullImage%7C8F5CADC4-49E6-4713-8EB1-708336718CD2%7C8fd44d16-834a-4a11-9dd8-50aedd8fff47%2Cshop%3EQWPricingLockup%7CF5FF5EEA-0AA0-4848-96B1-31B1E73D336D%7C47cace58-c5ec-4860-9b03-ded5504ec06b%2Cshop%3EXjsIconStackBlock%7C1500FA36-1F69-4474-A91B-D8167E594DD0%7C312b0a2c-20e7-4b00-ba77-607a91b7a4d9%2Cshop%3EXjsFullImage%7CD51F3AB0-8509-4C3A-9140-FE9FFC9367E9%7C48731b19-f288-4e20-89a8-e19175e7e803%2Cshop%3EJssCarousel%7C55252CFD-141D-40A5-B1CB-E6F1A8156825%7C2a529bac-048a-496b-aaa7-380a371c0495&v13=%7C%7C%7C%7C%7C%7C%7C%7C%7C%7C%7C%7C%7C%7C%7C%7C%7C%7C%7C%7C%7C%7C%7C%7C%7C%7C%7C%7C%7C%7C%7C%7C%7C%7C%7C%7C%7C%7C%7C%7C%7C%7C%7C%7C%7C%7C&v18=No%20CC%20Cookie%7CNo%20ISP%20Value%7CNo%20RC.RLOC&v19=dnainternet.fi%7Cdna%20oy%7Cnone&c25=undefined%7Cpage%20load&v25=true&v29=landscape%3Adesktop%20layout%3A1720x850&v37=D%3DpageName&c44=responsive%7Cdf%20learn%202&v44=responsive%7Cdf%20learn%202&c45=new&c50=b613741d-45b4-484a-8847-cbf0edec0f06&v50=982f37ad-e84c-49b0-82bc-927d5f615b04&v53=https%3A%2F%2Fwww.xfinity.com%2Fnational%2F&c55=resi%7Csales&c60=en&c73=AA%20Hosted%20by%20Adobe%20Launch%20%7C%2011182020&v86=unauthenticated%7Cip%20recognized&v91=nc&v99=comcast%7Cweb&v100=%7C%7C%7C%7C%7C%7C%7C%7C%7C%7C%7C%7C%7C%7C%7C%7C%7C%7C%7C%7C%7C%7C%7C%7C%7C%7C%7C%7C%7C%7C%7C%7C%7C%7C%7C%7C%7C%7C%7C%7C%7C%7C%7C%7C%7C%7C&v117=2.10.2&v122=a2472644-b238-42c5-a01b-f6e14f2ec9bb%7C319d3b51-f170-4e0e-81fa-fb0e00c5d783%7Cc7e0d76d-5179-408a-9d68-8f059c01314f%7Cda31f210-d08b-403c-949d-32608fcc5d18%7C01b264f4-1747-41ba-81c6-87472697fbe6%7Cffe61cd7-b03b-467d-854a-f31ea92a9890%7C729fdac2-40c2-42bf-bef0-7fdc8402479b%7Ca74b4802-d493-4d69-8b54-06702e319b25%7C12f69912-3d68-4f6d-9ccc-93317c5177f8%7C8be2ac3e-41e4-403e-9720-a3f68db43e4a%7Cfdb3e07f-0eaa-4727-a8d1-db098bcd4d2c%7Ca71d56d4-975b-4bb8-9a0f-b929fa298a32%7C9dd9f51c-e1df-408c-86d3-c5e33a595554%7C7b7b5451-34ad-4e0e-bccb-87a329c78394%7Ce7294244-4eb7-4d37-b280-37417b593526%7Cc55d691d-3db9-474a-b21b-1c0f2d4c666c%7C4df54300-c82b-49d4-9463-5439f981e896%7Ca703d8c1-32ff-46dd-b16c-66e6b7a36dae%7Ce8ed039e-ce0b-44dc-aa6f-c766d42fb164%7C34201219-e974-44a8-a393-f42f814ce488%7C7e25a436-66e0-4c1f-afaa-adbea45691a7%7C40ffe701-27a8-4f66-8909-a66d16ae9545%7Cf5d5a42d-086d-4c18-be76-fa22f80b7d43%7C3fb658d4-a4cd-4440-8a83-1c7cf7c075fd%7C9292ad3f-f609-459a-9366-9e7225703204%7Cd19921d6-9427-4cee-b3bc-f8d66282a40f%7Cb0128f7c-d7e9-4ae4-aa79-1caf6dca9f52%7C2fc644ef-07b6-47c8-ad27-3d9b70e3230a%7C216ad3ec-6554-4a21-a103-05c617d81906%7Cedcda38d-ea9f-4c20-a313-991de5dd8058%7C659eeeda-c702-472d-89e5-6c2925c1cc0c%7C3877832a-d0f6-40f8-afa9-4b11d5370ef7%7Cc1696c58-cb02-423d-8f62-9ec726edf813%7Ce79574f2-c68e-475c-8372-fd698bda1154%7C6d0dc771-47fe-4482-9df3-3902d330486f%7C2a611f7b-46da-4c42-8310-04dce217c974%7C1ef72b9c-1aa0-4378-a49b-1c8be1dce439%7Cdbd42e21-aa34-4bc5-a4c6-aca657898b7a%7Ce1d2571d-bdf8-4d98-a6f1-37e514add41f%7Cb06f6bd0-41d0-421f-bd67-c46781a3eaf8%7C0d35357a-bd7a-47ab-9af8-e9885ae1341a%7C4b540e8d-6796-49d5-9fc9-798990641a6d%7C8fd44d16-834a-4a11-9dd8-50aedd8fff47%7C47cace58-c5ec-4860-9b03-ded5504ec06b%7C312b0a2c-20e7-4b00-ba77-607a91b7a4d9%7C48731b19-f288-4e20-89a8-e19175e7e803%7C2a529bac-048a-496b-aaa7-380a371c0495&v124=%7C%7C%7C%7C%7C%7C%7C%7C%7C%7C%7C%7C%7C%7C%7C%7C%7C%7C%7C%7C%7C%7C%7C%7C%7C%7C%7C%7C%7C%7C%7C%7C%7C%7C%7C%7C%7C%7C%7C%7C%7C%7C%7C%7C%7C%7C&v127=15923275234466492724415099320294599958&v131=%7C%7C%7C%7C%7C%7C%7C%7C%7C%7C%7C%7C%7C%7C%7C%7C%7C%7C%7C%7C%7C%7C%7C%7C%7C%7C%7C%7C%7C%7C%7C%7C%7C%7C%7C%7C%7C%7C%7C%7C%7C%7C%7C%7C%7C%7C&v134=7F179332-2AEC-47D7-89F2-7DB07954A5A8%7C994B1F6B-0405-48AC-809B-6A912AAFFBAD%7CE513028D-9A9B-4AC8-B779-6DC200F8CAD0%7C6F538A85-EEC7-4BF9-9940-0AAB37CFD872%7C9F5270E0-9CEE-49CA-98C4-BFFD01D1997A%7CE3082942-110E-47E6-BC63-9789A09AC262%7C29F865A4-BF0E-4AD6-A61E-CB2F55F97F9B%7C40F1C2E7-FFB0-4440-AFF9-1CA1D428A259%7C75EA437A-DDE9-46E0-9ECA-352DEDD48BDC%7C1113DC41-47A7-49DB-8D31-638D1CC5D147%7CF2A0BE34-2CB6-42A6-9B44-32A489BA5109%7C000CA8EF-C56D-40F1-8DBE-6BAC05DF6236%7C56869791-3222-4CC7-95C1-B28D3DCEAB16%7C64DB3D00-17CB-46C8-B274-EF9B30E66F46%7C4ED0F331-79C7-4E47-80EF-4864C471ADE9%7C74F6D32F-1309-4319-B7C3-02C302EEEA0E%7C66622B99-080D-4B77-923E-F60887FE2864%7CD70A1B09-D0DF-4354-9C8E-5E59197C072D%7CB9AFA70E-9582-4F27-8DB0-1C001ED69DD2%7C6229D877-557C-433D-B867-115FFBEB2BED%7CC4BC47C1-D6CD-47F0-83C0-A760787D8BBF%7C0C8B554D-F0B6-4806-BA50-C6AF1C8F1280%7C20924D87-8ADF-46B4-9D4D-93B049FB38E2%7C773863EF-1554-4590-81AC-478ACEF3A6C9%7CF9CB21FC-D985-4EC1-B4D5-66C4CECC75BC%7C0856BBEE-2140-4877-A3C2-8256E6D1F1F7%7C30E90E30-DEAB-4BAC-9FD1-272227DE1FCB%7C059F397F-A987-4B3E-B706-3EFC48E50998%7CEB2204C8-8295-44F8-A5E3-F8DD1C1851BA%7C31111EB2-657E-4728-88C1-B30F4CE447E5%7C354E73E6-64E0-4E91-BB98-3CC8A495CEC5%7C6C6E07EB-2AF6-463E-9A5A-7811CB589B75%7C477A24B1-BC55-4F01-9167-F85FB7AA6B13%7CF64A4F90-84A6-4A53-8C45-B0AE1055E5BB%7C0F229B00-5E03-4979-804D-FFFE30924603%7C0C5B8E48-1241-42B4-9F4F-83188AD248ED%7C613A0C51-48C9-42F2-A0CA-AD6B46C3554B%7C7E47FBD6-79A6-4E03-8B70-FC90274C080B%7C31FE471E-5B3B-4637-90FA-8D9F92576EF3%7CB4FAE9C3-C59E-4539-936A-496914F0137C%7C0935D416-EF93-4211-B9BD-5D3BD7AEE744%7CC58B427B-8E88-40F6-918E-616F2BF63A2F%7C8F5CADC4-49E6-4713-8EB1-708336718CD2%7CF5FF5EEA-0AA0-4848-96B1-31B1E73D336D%7C1500FA36-1F69-4474-A91B-D8167E594DD0%7CD51F3AB0-8509-4C3A-9140-FE9FFC9367E9%7C55252CFD-141D-40A5-B1CB-E6F1A8156825&v135=XjsIconStackBlock%7CXjs1UpImageIconGrid%7CXjsImageIconGrid%7CXjsImageIconGrid%7CXjsImageIconGrid%7CXjsImageIconGrid%7CXjsImageIconGrid%7CJssCarousel%7CXjsIconStackBlock%7CJssBentoCard%7CXjsIconStackBlock%7CJssBentoCard%7CXjsIconStackBlock%7CJssBentoCard%7CXjsIconStackBlock%7CJssBentoCard%7CJssBentoBox%7CXjsIconStackBlock%7CXjsFullImage%7CXjsIconStackBlock%7CXjsFullImage%7CXjsImageIconGrid%7CXjs1UpImageIconGrid%7CXjsIconStackBlock%7CXjs1UpImageIconGrid%7CXjsImageIconGrid%7CXjsImageIconGrid%7CQWPricingLockup%7CXjsImageIconGrid%7CQWPricingLockup%7CXjsImageIconGrid%7CXjsImageIconGrid%7CJssCarousel%7CXjsHoverTile%7CXjsHoverTile%7CXjsHoverTile%7CXjsHoverTile%7CXjsHoverTile%7CxjsDynamicContainer%7CXjsIconStackBlock%7CXjsFullImage%7CXjsIconStackBlock%7CXjsFullImage%7CQWPricingLockup%7CXjsIconStackBlock%7CXjsFullImage%7CJssCarousel&v141=%7C%7C%7C%7C%7C%7C%7C%7C%7C%7C%7C%7C%7C%7C%7C%7C%7C%7C%7C%7C%7C%7C%7C%7C%7C%7C%7C%7C%7C%7C%7C%7C%7C%7C%7C%7C%7C%7C%7C%7C%7C%7C%7C%7C%7C%7C&v146=2.0&v156=%3AInternet%7CMobile%7CTV%20%26%20Streaming%7CHome%20Security%7CHome%20Phone%7CBuild%20Your%20Plan%7CRewards%7CComcast%20Business&v158=false&v166=%7CaccountStatus%3A%7CaccountType%3A%7Ccdv%3A%7Chsd%3A%7ChomeSecurity%3A%7Cvideo%3A%7Cmobile%3A%7C&v200=Residential%20%7C%20Shop%202.0%20%5E%2050%20%7C%20AA%20%7C%20All%20Pages%20%7C%20Global%20Page%20Load%20%7C%20DCR&c.&a.&activitymap.&page=https%3A%2F%2Fwww.xfinity.com%2Fnational%2F&link=Accept%20All&region=onetrust-button-group&.activitymap&.a&.c&s=1720x850&c=24&j=1.6&v=N&k=Y&bw=1720&bh=850&mcorgid=DA11332E5321D0550A490D45%40AdobeOrg&AQE=1"
Response Status is: [33mtrue[39m
Response Status code is: [33m200[39m
Request Url:  https://metrics.xfinity.com/b/ss/comcastdotcomprod/10/JS-2.22.0-LEWM/s67986708515072
Response Url:  https://metrics.xfinity.com/b/ss/comcastdotcomprod/10/JS-2.22.0-LEWM/s67986708515072
Formatted Json Request Body is: null

[[ATTACHMENT|../test-results/TC_01_adobe_analytics-Adobe-Analytics-Tracking-34a2b-b-ss-event-on-clicking-the-Mobile-Overview-Tab--Chrome/video.webm]]

[[ATTACHMENT|../test-results/TC_01_adobe_analytics-Adobe-Analytics-Tracking-34a2b-b-ss-event-on-clicking-the-Mobile-Overview-Tab--Chrome/test-failed-1.png]]

[[ATTACHMENT|../test-results/TC_01_adobe_analytics-Adobe-Analytics-Tracking-34a2b-b-ss-event-on-clicking-the-Mobile-Overview-Tab--Chrome/trace.zip]]
]]>
</system-out>
</testcase>
</testsuite>
</testsuites>